// Jest Snapshot v1, https://goo.gl/fbAQLP

exports[`SdSvgSprite.vue renders svg sprite 1`] = `
VueWrapper {
  "_emitted": Object {},
  "_emittedByOrder": Array [],
  "isFunctionalComponent": undefined,
}
`;
