// Jest Snapshot v1, https://goo.gl/fbAQLP

exports[`SdIcon.vue renders modified SdIcon 1`] = `
VueWrapper {
  "_emitted": Object {},
  "_emittedByOrder": Array [],
  "isFunctionalComponent": undefined,
}
`;
