// Jest Snapshot v1, https://goo.gl/fbAQLP

exports[`SdContainer.vue renders default SdContainer 1`] = `
Wrapper {
  "isFunctionalComponent": true,
}
`;
